// Jest Snapshot v1, https://goo.gl/fbAQLP

exports[`Should take a snapshot 1`] = `
<DocumentFragment>
  <div
    class="App"
  >
    <h1>
      SFC
    </h1>
  </div>
</DocumentFragment>
`;
